Archive member included to satisfy reference by file (symbol)

c:/nxp/mcuxpressoide_10.1.1_606/ide/tools/bin/../lib/gcc/arm-none-eabi/6.3.1/../../../../arm-none-eabi/lib/thumb/v6-m\libcr_semihost_nf.a(_cr__main.o)
                              ./startup/startup_mkl25z4.o (__main)
c:/nxp/mcuxpressoide_10.1.1_606/ide/tools/bin/../lib/gcc/arm-none-eabi/6.3.1/../../../../arm-none-eabi/lib/thumb/v6-m\libcr_semihost_nf.a(_cr_assert.o)
                              ./source/Practica_2.o (__assertion_failed)
c:/nxp/mcuxpressoide_10.1.1_606/ide/tools/bin/../lib/gcc/arm-none-eabi/6.3.1/../../../../arm-none-eabi/lib/thumb/v6-m\libcr_semihost_nf.a(__ciob.o)
                              c:/nxp/mcuxpressoide_10.1.1_606/ide/tools/bin/../lib/gcc/arm-none-eabi/6.3.1/../../../../arm-none-eabi/lib/thumb/v6-m\libcr_semihost_nf.a(_cr_assert.o) (__Ciob)
c:/nxp/mcuxpressoide_10.1.1_606/ide/tools/bin/../lib/gcc/arm-none-eabi/6.3.1/../../../../arm-none-eabi/lib/thumb/v6-m\libcr_semihost_nf.a(__sys_appexit.o)
                              c:/nxp/mcuxpressoide_10.1.1_606/ide/tools/bin/../lib/gcc/arm-none-eabi/6.3.1/../../../../arm-none-eabi/lib/thumb/v6-m\libcr_semihost_nf.a(_cr_assert.o) (__sys_appexit)
c:/nxp/mcuxpressoide_10.1.1_606/ide/tools/bin/../lib/gcc/arm-none-eabi/6.3.1/../../../../arm-none-eabi/lib/thumb/v6-m\libcr_c.a(memcpy.o)
                              ./drivers/fsl_flash.o (memcpy)
c:/nxp/mcuxpressoide_10.1.1_606/ide/tools/bin/../lib/gcc/arm-none-eabi/6.3.1/../../../../arm-none-eabi/lib/thumb/v6-m\libcr_c.a(memset.o)
                              ./drivers/fsl_flash.o (memset)
c:/nxp/mcuxpressoide_10.1.1_606/ide/tools/bin/../lib/gcc/arm-none-eabi/6.3.1/../../../../arm-none-eabi/lib/thumb/v6-m\libcr_c.a(_deferredlazyseek.o)
                              c:/nxp/mcuxpressoide_10.1.1_606/ide/tools/bin/../lib/gcc/arm-none-eabi/6.3.1/../../../../arm-none-eabi/lib/thumb/v6-m\libcr_semihost_nf.a(_cr_assert.o) (__flsbuf)
c:/nxp/mcuxpressoide_10.1.1_606/ide/tools/bin/../lib/gcc/arm-none-eabi/6.3.1/../../../../arm-none-eabi/lib/thumb/v6-m\libcr_c.a(_fflush.o)
                              c:/nxp/mcuxpressoide_10.1.1_606/ide/tools/bin/../lib/gcc/arm-none-eabi/6.3.1/../../../../arm-none-eabi/lib/thumb/v6-m\libcr_c.a(_deferredlazyseek.o) (_fflush)
c:/nxp/mcuxpressoide_10.1.1_606/ide/tools/bin/../lib/gcc/arm-none-eabi/6.3.1/../../../../arm-none-eabi/lib/thumb/v6-m\libcr_c.a(_writebuf.o)
                              c:/nxp/mcuxpressoide_10.1.1_606/ide/tools/bin/../lib/gcc/arm-none-eabi/6.3.1/../../../../arm-none-eabi/lib/thumb/v6-m\libcr_c.a(_deferredlazyseek.o) (_Cwritebuf)
c:/nxp/mcuxpressoide_10.1.1_606/ide/tools/bin/../lib/gcc/arm-none-eabi/6.3.1/../../../../arm-none-eabi/lib/thumb/v6-m\libcr_c.a(alloc.o)
                              c:/nxp/mcuxpressoide_10.1.1_606/ide/tools/bin/../lib/gcc/arm-none-eabi/6.3.1/../../../../arm-none-eabi/lib/thumb/v6-m\libcr_c.a(_deferredlazyseek.o) (_Csys_alloc)
c:/nxp/mcuxpressoide_10.1.1_606/ide/tools/bin/../lib/gcc/arm-none-eabi/6.3.1/../../../../arm-none-eabi/lib/thumb/v6-m\libcr_c.a(fputs.o)
                              c:/nxp/mcuxpressoide_10.1.1_606/ide/tools/bin/../lib/gcc/arm-none-eabi/6.3.1/../../../../arm-none-eabi/lib/thumb/v6-m\libcr_semihost_nf.a(_cr_assert.o) (fputs)
c:/nxp/mcuxpressoide_10.1.1_606/ide/tools/bin/../lib/gcc/arm-none-eabi/6.3.1/../../../../arm-none-eabi/lib/thumb/v6-m\libcr_c.a(fseek.o)
                              c:/nxp/mcuxpressoide_10.1.1_606/ide/tools/bin/../lib/gcc/arm-none-eabi/6.3.1/../../../../arm-none-eabi/lib/thumb/v6-m\libcr_c.a(_deferredlazyseek.o) (fseek)
c:/nxp/mcuxpressoide_10.1.1_606/ide/tools/bin/../lib/gcc/arm-none-eabi/6.3.1/../../../../arm-none-eabi/lib/thumb/v6-m\libcr_c.a(ftell.o)
                              c:/nxp/mcuxpressoide_10.1.1_606/ide/tools/bin/../lib/gcc/arm-none-eabi/6.3.1/../../../../arm-none-eabi/lib/thumb/v6-m\libcr_c.a(fseek.o) (ftell)
c:/nxp/mcuxpressoide_10.1.1_606/ide/tools/bin/../lib/gcc/arm-none-eabi/6.3.1/../../../../arm-none-eabi/lib/thumb/v6-m\libcr_c.a(initio.o)
                              c:/nxp/mcuxpressoide_10.1.1_606/ide/tools/bin/../lib/gcc/arm-none-eabi/6.3.1/../../../../arm-none-eabi/lib/thumb/v6-m\libcr_semihost_nf.a(_cr__main.o) (_initio)
c:/nxp/mcuxpressoide_10.1.1_606/ide/tools/bin/../lib/gcc/arm-none-eabi/6.3.1/../../../../arm-none-eabi/lib/thumb/v6-m\libcr_c.a(printf.o)
                              ./source/Practica_2.o (_printf)
c:/nxp/mcuxpressoide_10.1.1_606/ide/tools/bin/../lib/gcc/arm-none-eabi/6.3.1/../../../../arm-none-eabi/lib/thumb/v6-m\libcr_c.a(setvbuf.o)
                              c:/nxp/mcuxpressoide_10.1.1_606/ide/tools/bin/../lib/gcc/arm-none-eabi/6.3.1/../../../../arm-none-eabi/lib/thumb/v6-m\libcr_c.a(initio.o) (setvbuf)
c:/nxp/mcuxpressoide_10.1.1_606/ide/tools/bin/../lib/gcc/arm-none-eabi/6.3.1/../../../../arm-none-eabi/lib/thumb/v6-m\libcr_c.a(strlen.o)
[...]
Memory Configuration

Name             Origin             Length             Attributes
PROGRAM_FLASH    0x00000000         0x00020000         xr
SRAM             0x1ffff000         0x00004000         xrw
*default*        0x00000000         0xffffffff

Linker script and memory map

LOAD ./utilities/fsl_debug_console.o
LOAD ./startup/startup_mkl25z4.o
LOAD ./source/Practica_2.o
LOAD ./source/mtb.o
LOAD ./source/semihost_hardfault.o
LOAD ./drivers/fsl_adc16.o
LOAD ./drivers/fsl_clock.o
LOAD ./drivers/fsl_common.o
LOAD ./drivers/fsl_dac.o
LOAD ./drivers/fsl_flash.o
LOAD ./drivers/fsl_gpio.o
LOAD ./drivers/fsl_lpsci.o
LOAD ./drivers/fsl_smc.o
LOAD ./drivers/fsl_tpm.o
LOAD ./drivers/fsl_uart.o
LOAD ./board/board.o
LOAD ./board/clock_config.o
LOAD ./board/peripherals.o
LOAD ./board/pin_mux.o
LOAD ./Headers/BCD.o
LOAD ./Headers/Debounce.o
LOAD ./Headers/GPIO.o
LOAD ./Headers/LED_INDICATOR.o
LOAD ./Headers/Mode.o
LOAD ./Headers/adc.o
LOAD ./CMSIS/system_MKL25Z4.o
START GROUP
LOAD c:/nxp/mcuxpressoide_10.1.1_606/ide/tools/bin/../lib/gcc/arm-none-eabi/6.3.1/../../../../arm-none-eabi/lib/thumb/v6-m\libcr_semihost_nf.a
LOAD c:/nxp/mcuxpressoide_10.1.1_606/ide/tools/bin/../lib/gcc/arm-none-eabi/6.3.1/../../../../arm-none-eabi/lib/thumb/v6-m\libcr_c.a
LOAD c:/nxp/mcuxpressoide_10.1.1_606/ide/tools/bin/../lib/gcc/arm-none-eabi/6.3.1/thumb/v6-m\libcr_eabihelpers.a
END GROUP
                0x00000000                __base_PROGRAM_FLASH = 0x0
                0x00000000                __base_Flash = 0x0
                0x00020000                __top_PROGRAM_FLASH = 0x20000
                0x00020000                __top_Flash = 0x20000
                0x1ffff000                __base_SRAM = 0x1ffff000
                0x1ffff000                __base_RAM = 0x1ffff000
                0x20003000                __top_SRAM = 0x20003000
                0x20003000                __top_RAM = 0x20003000

.text           0x00000000     0x53ec
 FILL mask 0xff
                0x00000000                __vectors_start__ = ABSOLUTE (.)
 *(.isr_vector)
 .isr_vector    0x00000000       0xc0 ./startup/startup_mkl25z4.o
                0x00000000                g_pfnVectors
                0x00000000                __Vectors
                0x000000c0                . = ALIGN (0x4)
                0x000000c0                __section_table_start = .
                0x000000c0                __data_section_table = .
                0x000000c0        0x4 LONG 0x53ec LOADADDR (.data)
                0x000000c4        0x4 LONG 0x1ffff080 ADDR (.data)
                0x000000c8        0x4 LONG 0xc SIZEOF (.data)
                0x000000cc                __data_section_table_end = .
                0x000000cc                __bss_section_table = .
                0x000000cc        0x4 LONG 0x1ffff08c ADDR (.bss)
                0x000000d0        0x4 LONG 0x10c SIZEOF (.bss)
                0x000000d4                __bss_section_table_end = .
                0x000000d4                __section_table_end = .
 *(.after_vectors*)
 .after_vectors.init_data
                0x000000d4       0x16 ./startup/startup_mkl25z4.o
                0x000000d4                data_init
 .after_vectors.init_bss
                0x000000ea       0x12 ./startup/startup_mkl25z4.o
                0x000000ea                bss_init
 .after_vectors.reset
                0x000000fc       0x4c ./startup/startup_mkl25z4.o
                0x000000fc                ResetISR
 .after_vectors
                0x00000148      0x10c ./startup/startup_mkl25z4.o
                0x00000148                NMI_Handler
                0x0000014c                SVC_Handler
                0x0000014e                PendSV_Handler
                0x00000150                SysTick_Handler
                0x00000152                LPTMR0_DriverIRQHandler
                0x00000152                Reserved39_DriverIRQHandler
                0x00000152                DMA0_DriverIRQHandler
                0x00000152                SPI1_DriverIRQHandler
                0x00000152                I2C0_DriverIRQHandler
                0x00000152                PORTD_DriverIRQHandler
                0x00000152                DMA2_DriverIRQHandler
                0x00000152                CMP0_DriverIRQHandler
                0x00000152                TPM2_DriverIRQHandler
                0x00000152                ADC0_DriverIRQHandler
                0x00000152                SPI0_DriverIRQHandler
                0x00000152                TSI0_DriverIRQHandler
                0x00000152                RTC_Seconds_DriverIRQHandler
                0x00000152                I2C1_DriverIRQHandler
                0x00000152                DMA1_DriverIRQHandler
                0x00000152                LLWU_DriverIRQHandler
                0x00000152                MCG_DriverIRQHandler
                0x00000152                PIT_DriverIRQHandler
                0x00000152                RTC_DriverIRQHandler
                0x00000152                FTFA_DriverIRQHandler
                0x00000152                IntDefaultHandler
                0x00000152                USB0_DriverIRQHandler
                0x00000152                DAC0_DriverIRQHandler
                0x00000152                TPM1_DriverIRQHandler
                0x00000152                LVD_LVW_DriverIRQHandler
                0x00000152                TPM0_DriverIRQHandler
                0x00000152                PORTA_DriverIRQHandler
                0x00000152                Reserved45_DriverIRQHandler
                0x00000152                Reserved20_DriverIRQHandler
                0x00000152                DMA3_DriverIRQHandler
                0x00000154                DMA0_IRQHandler
                0x0000015c                DMA1_IRQHandler
                0x00000164                DMA2_IRQHandler
                0x0000016c                DMA3_IRQHandler
                0x00000174                Reserved20_IRQHandler
                0x0000017c                FTFA_IRQHandler
                0x00000184                LVD_LVW_IRQHandler
                0x0000018c                LLWU_IRQHandler
                0x00000194                I2C0_IRQHandler
                0x0000019c                I2C1_IRQHandler
                0x000001a4                SPI0_IRQHandler
                0x000001ac                SPI1_IRQHandler
                0x000001b4                UART0_IRQHandler
                0x000001bc                UART1_IRQHandler
                0x000001c4                UART2_IRQHandler
                0x000001d4                CMP0_IRQHandler
                0x000001dc                TPM0_IRQHandler
                0x000001e4                TPM1_IRQHandler
                0x000001ec                TPM2_IRQHandler
                0x000001f4                RTC_IRQHandler
                0x000001fc                RTC_Seconds_IRQHandler
                0x00000204                PIT_IRQHandler
                0x0000020c                Reserved39_IRQHandler
                0x00000214                USB0_IRQHandler
                0x0000021c                DAC0_IRQHandler
                0x00000224                TSI0_IRQHandler
                0x0000022c                MCG_IRQHandler
                0x00000234                LPTMR0_IRQHandler
                0x0000023c                Reserved45_IRQHandler
                0x00000244                PORTA_IRQHandler
                0x0000024c                PORTD_IRQHandler
                0x00000400                . = 0x400
 *fill*         0x00000254      0x1ac ff
                0x00000400                PROVIDE (__FLASH_CONFIG_START__, .)
 *(.FlashConfig)
 .FlashConfig   0x00000400       0x10 ./startup/startup_mkl25z4.o
                0x00000400                Flash_Config
                0x00000410                PROVIDE (__FLASH_CONFIG_END__, .)
                0x00000001                ASSERT (! ((__FLASH_CONFIG_START__ == __FLASH_CONFIG_END__)), Linker Flash Config Support Enabled, but no .FlashConfig section provided within application)
 *(.text*)
 .text.UART_EnableTx
                0x00000410       0x40 ./utilities/fsl_debug_console.o
 .text.UART_EnableRx
                0x00000450       0x40 ./utilities/fsl_debug_console.o
 .text.LPSCI_EnableTx
                0x00000490       0x40 ./utilities/fsl_debug_console.o
 .text.LPSCI_EnableRx
                0x000004d0       0x40 ./utilities/fsl_debug_console.o
 .text.DbgConsole_Init
                0x00000510       0xf4 ./utilities/fsl_debug_console.o
                0x00000510                DbgConsole_Init
 .text.NVIC_EnableIRQ
                0x00000604       0x2c ./source/Practica_2.o
 .text.EnableIRQ
                0x00000630       0x2c ./source/Practica_2.o
 .text.GPIO_ReadPinInput
                0x0000065c       0x20 ./source/Practica_2.o
 .text.ADC16_EnableHardwareTrigger
                0x0000067c       0x3a ./source/Practica_2.o
 *fill*         0x000006b6        0x2 ff
 .text.ADC16_GetChannelConversionValue
                0x000006b8       0x30 ./source/Practica_2.o
 .text.DAC_Enable
                0x000006e8       0x4a ./source/Practica_2.o
 *fill*         0x00000732        0x2 ff
 .text.main     0x00000734       0x98 ./source/Practica_2.o
                0x00000734                main
 .text.select_Digit
                0x000007cc       0x4c ./source/Practica_2.o
                0x000007cc                select_Digit
 .text.Digits   0x00000818       0x7c ./source/Practica_2.o
                0x00000818                Digits
 .text.Init_Mode2
                0x00000894       0xd4 ./source/Practica_2.o
                0x00000894                Init_Mode2
 .text.Init_Mode1
                0x00000968      0x120 ./source/Practica_2.o
                0x00000968                Init_Mode1
 .text.Init_Mode3
                0x00000a88      0x158 ./source/Practica_2.o
                0x00000a88                Init_Mode3
 .text.select_Mode
                0x00000be0       0x32 ./source/Practica_2.o
                0x00000be0                select_Mode
 *fill*         0x00000c12        0x2 ff
 .text.Cont_Reset
                0x00000c14       0x30 ./source/Practica_2.o
                0x00000c14                Cont_Reset
 .text.Det_Button
                0x00000c44       0x70 ./source/Practica_2.o
                0x00000c44                Det_Button
 .text.DAC_ADC_Init
                0x00000cb4       0x90 ./source/Practica_2.o
                0x00000cb4                DAC_ADC_Init
 .text.ADC0_IRQHandler
                0x00000d44       0x2c ./source/Practica_2.o
                0x00000d44                ADC0_IRQHandler
 .text.HardFault_Handler
                0x00000d70       0x2c ./source/semihost_hardfault.o
                0x00000d70                HardFault_Handler
 .text.CLOCK_EnableClock
                0x00000d9c       0x38 ./drivers/fsl_adc16.o
 .text.ADC16_GetInstance
                0x00000dd4       0x48 ./drivers/fsl_adc16.o
 .text.ADC16_Init
                0x00000e1c      0x114 ./drivers/fsl_adc16.o
                0x00000e1c                ADC16_Init
 .text.ADC16_GetDefaultConfig
                0x00000f30       0x58 ./drivers/fsl_adc16.o
                0x00000f30                ADC16_GetDefaultConfig
 .text.ADC16_DoAutoCalibration
                0x00000f88      0x11a ./drivers/fsl_adc16.o
                0x00000f88                ADC16_DoAutoCalibration
 .text.ADC16_GetStatusFlags
                0x000010a2       0x3a ./drivers/fsl_adc16.o
                0x000010a2                ADC16_GetStatusFlags
 .text.ADC16_SetChannelConfig
                0x000010dc       0x6c ./drivers/fsl_adc16.o
                0x000010dc                ADC16_SetChannelConfig
 .text.ADC16_GetChannelStatusFlags
                0x00001148       0x40 ./drivers/fsl_adc16.o
                0x00001148                ADC16_GetChannelStatusFlags
 .text.CLOCK_SetEr32kClock
                0x00001188       0x30 ./drivers/fsl_clock.o
 .text.CLOCK_SetPllFllSelClock
                0x000011b8       0x38 ./drivers/fsl_clock.o
 .text.OSC_SetExtRefClkConfig
                0x000011f0       0x48 ./drivers/fsl_clock.o
 .text.OSC_SetCapLoad
                0x00001238       0x4c ./drivers/fsl_clock.o
 .text.CLOCK_GetMcgExtClkFreq
                0x00001284       0x28 ./drivers/fsl_clock.o
 .text.CLOCK_GetFllExtRefClkFreq
                0x000012ac       0xa4 ./drivers/fsl_clock.o
 .text.CLOCK_GetFllRefClkFreq
                0x00001350       0x2c ./drivers/fsl_clock.o
 .text.CLOCK_GetPll0RefFreq
                0x0000137c       0x10 ./drivers/fsl_clock.o
 .text.CLOCK_GetOscRangeFromFreq
                0x0000138c       0x4c ./drivers/fsl_clock.o
 .text.CLOCK_GetPllFllSelClkFreq
                0x000013d8       0x4c ./drivers/fsl_clock.o
                0x000013d8                CLOCK_GetPllFllSelClkFreq
 .text.CLOCK_SetSimConfig
                0x00001424       0x38 ./drivers/fsl_clock.o
                0x00001424                CLOCK_SetSimConfig
 .text.CLOCK_GetFllFreq
                0x0000145c       0x84 ./drivers/fsl_clock.o
                0x0000145c                CLOCK_GetFllFreq
 .text.CLOCK_GetPll0Freq
                0x000014e0       0x70 ./drivers/fsl_clock.o
                0x000014e0                CLOCK_GetPll0Freq
 .text.CLOCK_SetExternalRefClkConfig
                0x00001550       0x16 ./drivers/fsl_clock.o
                0x00001550                CLOCK_SetExternalRefClkConfig
 *fill*         0x00001566        0x2 ff
 .text.CLOCK_SetInternalRefClkConfig
                0x00001568      0x128 ./drivers/fsl_clock.o
                0x00001568                CLOCK_SetInternalRefClkConfig
 .text.CLOCK_EnablePll0
                0x00001690       0x98 ./drivers/fsl_clock.o
                0x00001690                CLOCK_EnablePll0
 .text.CLOCK_InitOsc0
                0x00001728       0x98 ./drivers/fsl_clock.o
                0x00001728                CLOCK_InitOsc0
 .text.CLOCK_SetPbeMode
                0x000017c0       0xb0 ./drivers/fsl_clock.o
                0x000017c0                CLOCK_SetPbeMode
 .text.CLOCK_BootToPeeMode
                0x00001870       0x70 ./drivers/fsl_clock.o
                0x00001870                CLOCK_BootToPeeMode
 .text.CLOCK_EnableClock
                0x000018e0       0x38 ./drivers/fsl_dac.o
 .text.DAC_GetInstance
                0x00001918       0x48 ./drivers/fsl_dac.o
 .text.DAC_Init
                0x00001960       0x88 ./drivers/fsl_dac.o
                0x00001960                DAC_Init
 .text.DAC_GetDefaultConfig
                0x000019e8       0x30 ./drivers/fsl_dac.o
                0x000019e8                DAC_GetDefaultConfig
 .text.GPIO_WritePinOutput
                0x00001a18       0x34 ./drivers/fsl_gpio.o
 .text.GPIO_PinInit
                0x00001a4c       0x64 ./drivers/fsl_gpio.o
                0x00001a4c                GPIO_PinInit
 .text.CLOCK_EnableClock
                0x00001ab0       0x38 ./drivers/fsl_lpsci.o
 .text.LPSCI_GetInstance
                0x00001ae8       0x48 ./drivers/fsl_lpsci.o
                0x00001ae8                LPSCI_GetInstance
 .text.LPSCI_Init
                0x00001b30      0x270 ./drivers/fsl_lpsci.o
                0x00001b30                LPSCI_Init
 .text.LPSCI_GetDefaultConfig
                0x00001da0       0x44 ./drivers/fsl_lpsci.o
                0x00001da0                LPSCI_GetDefaultConfig
 .text.LPSCI_GetStatusFlags
                0x00001de4       0x26 ./drivers/fsl_lpsci.o
                0x00001de4                LPSCI_GetStatusFlags
 *fill*         0x00001e0a        0x2 ff
 .text.LPSCI_ClearStatusFlags
                0x00001e0c       0x98 ./drivers/fsl_lpsci.o
                0x00001e0c                LPSCI_ClearStatusFlags
 .text.LPSCI_WriteBlocking
                0x00001ea4       0x4c ./drivers/fsl_lpsci.o
                0x00001ea4                LPSCI_WriteBlocking
 .text.LPSCI_ReadBlocking
                0x00001ef0       0xc0 ./drivers/fsl_lpsci.o
                0x00001ef0                LPSCI_ReadBlocking
 .text.UART0_DriverIRQHandler
                0x00001fb0       0x24 ./drivers/fsl_lpsci.o
                0x00001fb0                UART0_DriverIRQHandler
 .text.CLOCK_EnableClock
                0x00001fd4       0x38 ./drivers/fsl_uart.o
 .text.UART_GetInstance
                0x0000200c       0x54 ./drivers/fsl_uart.o
                0x0000200c                UART_GetInstance
 .text.UART_Init
                0x00002060      0x1fc ./drivers/fsl_uart.o
                0x00002060                UART_Init
 .text.UART_GetDefaultConfig
                0x0000225c       0x44 ./drivers/fsl_uart.o
                0x0000225c                UART_GetDefaultConfig
 .text.UART_GetStatusFlags
                0x000022a0       0x26 ./drivers/fsl_uart.o
                0x000022a0                UART_GetStatusFlags
 .text.UART_WriteBlocking
                0x000022c6       0x3a ./drivers/fsl_uart.o
                0x000022c6                UART_WriteBlocking
 .text.UART_ReadBlocking
                0x00002300       0x98 ./drivers/fsl_uart.o
                0x00002300                UART_ReadBlocking
 .text.UART1_DriverIRQHandler
                0x00002398       0x24 ./drivers/fsl_uart.o
                0x00002398                UART1_DriverIRQHandler
 .text.UART2_DriverIRQHandler
                0x000023bc       0x24 ./drivers/fsl_uart.o
                0x000023bc                UART2_DriverIRQHandler
 .text.CLOCK_SetLpsci0Clock
                0x000023e0       0x38 ./board/board.o
 .text.BOARD_InitDebugConsole
                0x00002418       0x30 ./board/board.o
                0x00002418                BOARD_InitDebugConsole
 .text.CLOCK_SetSimSafeDivs
                0x00002448       0x20 ./board/clock_config.o
 .text.CLOCK_SetXtal0Freq
                0x00002468       0x1c ./board/clock_config.o
 .text.BOARD_InitBootClocks
                0x00002484        0xe ./board/clock_config.o
                0x00002484                BOARD_InitBootClocks
 *fill*         0x00002492        0x2 ff
 .text.CLOCK_CONFIG_SetFllExtRefDiv
                0x00002494       0x3c ./board/clock_config.o
 .text.BOARD_BootClockRUN
                0x000024d0       0x64 ./board/clock_config.o
                0x000024d0                BOARD_BootClockRUN
 .text.BOARD_InitBootPeripherals
                0x00002534        0xa ./board/peripherals.o
                0x00002534                BOARD_InitBootPeripherals
 *fill*         0x0000253e        0x2 ff
 .text.CLOCK_EnableClock
                0x00002540       0x38 ./board/pin_mux.o
 .text.PORT_SetPinMux
                0x00002578       0x40 ./board/pin_mux.o
 .text.BOARD_InitBootPins
                0x000025b8        0xe ./board/pin_mux.o
                0x000025b8                BOARD_InitBootPins
 *fill*         0x000025c6        0x2 ff
 .text.BOARD_InitPins
                0x000025c8       0x4c ./board/pin_mux.o
                0x000025c8                BOARD_InitPins
 .text.CLOCK_EnableClock
                0x00002614       0x38 ./Headers/GPIO.o
 .text.PORT_SetPinConfig
                0x0000264c       0x38 ./Headers/GPIO.o
 .text.GPIO_Init
                0x00002684      0x24c ./Headers/GPIO.o
                0x00002684                GPIO_Init
 .text.PORT_SetPinConfig
                0x000028d0       0x38 ./Headers/LED_INDICATOR.o
 .text.GPIO_WritePinOutput
                0x00002908       0x34 ./Headers/LED_INDICATOR.o
 .text.Led_Mode1
                0x0000293c       0x64 ./Headers/LED_INDICATOR.o
                0x0000293c                Led_Mode1
 .text.Led_Mode2
                0x000029a0       0x64 ./Headers/LED_INDICATOR.o
                0x000029a0                Led_Mode2
 .text.Led_Mode3
                0x00002a04       0x64 ./Headers/LED_INDICATOR.o
                0x00002a04                Led_Mode3
 .text.SystemInit
                0x00002a68       0x18 ./CMSIS/system_MKL25Z4.o
                0x00002a68                SystemInit
 .text.__main   0x00002a80        0xc c:/nxp/mcuxpressoide_10.1.1_606/ide/tools/bin/../lib/gcc/arm-none-eabi/6.3.1/../../../../arm-none-eabi/lib/thumb/v6-m\libcr_semihost_nf.a(_cr__main.o)
                0x00002a80                __CR_SEMIHOST
                0x00002a80                __main
 .text.__assertion_failed
                0x00002a8c       0x4c c:/nxp/mcuxpressoide_10.1.1_606/ide/tools/bin/../lib/gcc/arm-none-eabi/6.3.1/../../../../arm-none-eabi/lib/thumb/v6-m\libcr_semihost_nf.a(_cr_assert.o)
                0x00002a8c                __assertion_failed
 .text.__sys_appexit
                0x00002ad8        0xc c:/nxp/mcuxpressoide_10.1.1_606/ide/tools/bin/../lib/gcc/arm-none-eabi/6.3.1/../../../../arm-none-eabi/lib/thumb/v6-m\libcr_semihost_nf.a(__sys_appexit.o)
                0x00002ad8                __sys_appexit
                0x00002ad8                __exit
 .text.memset   0x00002ae4        0x8 c:/nxp/mcuxpressoide_10.1.1_606/ide/tools/bin/../lib/gcc/arm-none-eabi/6.3.1/../../../../arm-none-eabi/lib/thumb/v6-m\libcr_c.a(memset.o)
                0x00002ae4                memset
 .text._deferredlazyseek
                0x00002aec       0x40 c:/nxp/mcuxpressoide_10.1.1_606/ide/tools/bin/../lib/gcc/arm-none-eabi/6.3.1/../../../../arm-none-eabi/lib/thumb/v6-m\libcr_c.a(_deferredlazyseek.o)
                0x00002aec                _deferredlazyseek
 .text.__flsbuf
                0x00002b2c      0x150 c:/nxp/mcuxpressoide_10.1.1_606/ide/tools/bin/../lib/gcc/arm-none-eabi/6.3.1/../../../../arm-none-eabi/lib/thumb/v6-m\libcr_c.a(_deferredlazyseek.o)
                0x00002b2c                __flsbuf
 .text._fflush  0x00002c7c       0x5c c:/nxp/mcuxpressoide_10.1.1_606/ide/tools/bin/../lib/gcc/arm-none-eabi/6.3.1/../../../../arm-none-eabi/lib/thumb/v6-m\libcr_c.a(_fflush.o)
                0x00002c7c                _fflush
 .text._Cwritebuf
                0x00002cd8       0x68 c:/nxp/mcuxpressoide_10.1.1_606/ide/tools/bin/../lib/gcc/arm-none-eabi/6.3.1/../../../../arm-none-eabi/lib/thumb/v6-m\libcr_c.a(_writebuf.o)
                0x00002cd8                _Cwritebuf
 .text.malloc   0x00002d40       0xcc c:/nxp/mcuxpressoide_10.1.1_606/ide/tools/bin/../lib/gcc/arm-none-eabi/6.3.1/../../../../arm-none-eabi/lib/thumb/v6-m\libcr_c.a(alloc.o)
                0x00002d40                malloc
 .text.free     0x00002e0c       0x2c c:/nxp/mcuxpressoide_10.1.1_606/ide/tools/bin/../lib/gcc/arm-none-eabi/6.3.1/../../../../arm-none-eabi/lib/thumb/v6-m\libcr_c.a(alloc.o)
                0x00002e0c                free
 .text._Csys_alloc
                0x00002e38       0x20 c:/nxp/mcuxpressoide_10.1.1_606/ide/tools/bin/../lib/gcc/arm-none-eabi/6.3.1/../../../../arm-none-eabi/lib/thumb/v6-m\libcr_c.a(alloc.o)
                0x00002e38                _Csys_alloc
 .text.fputs    0x00002e58       0x2e c:/nxp/mcuxpressoide_10.1.1_606/ide/tools/bin/../lib/gcc/arm-none-eabi/6.3.1/../../../../arm-none-eabi/lib/thumb/v6-m\libcr_c.a(fputs.o)
                0x00002e58                fputs
 *fill*         0x00002e86        0x2 ff
 .text.fseek    0x00002e88       0xf0 c:/nxp/mcuxpressoide_10.1.1_606/ide/tools/bin/../lib/gcc/arm-none-eabi/6.3.1/../../../../arm-none-eabi/lib/thumb/v6-m\libcr_c.a(fseek.o)
                0x00002e88                fseek
 .text.ftell    0x00002f78       0x48 c:/nxp/mcuxpressoide_10.1.1_606/ide/tools/bin/../lib/gcc/arm-none-eabi/6.3.1/../../../../arm-none-eabi/lib/thumb/v6-m\libcr_c.a(ftell.o)
                0x00002f78                ftell
 .text._initio  0x00002fc0       0x7c c:/nxp/mcuxpressoide_10.1.1_606/ide/tools/bin/../lib/gcc/arm-none-eabi/6.3.1/../../../../arm-none-eabi/lib/thumb/v6-m\libcr_c.a(initio.o)
                0x00002fc0                _initio
 .text.no_fp_display
                0x0000303c        0x4 c:/nxp/mcuxpressoide_10.1.1_606/ide/tools/bin/../lib/gcc/arm-none-eabi/6.3.1/../../../../arm-none-eabi/lib/thumb/v6-m\libcr_c.a(printf.o)
 .text.__vfprintf
                0x00003040      0xce0 c:/nxp/mcuxpressoide_10.1.1_606/ide/tools/bin/../lib/gcc/arm-none-eabi/6.3.1/../../../../arm-none-eabi/lib/thumb/v6-m\libcr_c.a(printf.o)
                0x00003040                __vfprintf
 .text._vsnprintf
                0x00003d20       0x60 c:/nxp/mcuxpressoide_10.1.1_606/ide/tools/bin/../lib/gcc/arm-none-eabi/6.3.1/../../../../arm-none-eabi/lib/thumb/v6-m\libcr_c.a(printf.o)
                0x00003d20                _vsnprintf
 .text._printf  0x00003d80       0x50 c:/nxp/mcuxpressoide_10.1.1_606/ide/tools/bin/../lib/gcc/arm-none-eabi/6.3.1/../../../../arm-none-eabi/lib/thumb/v6-m\libcr_c.a(printf.o)
                0x00003d80                _printf
 .text.setvbuf  0x00003dd0       0x48 c:/nxp/mcuxpressoide_10.1.1_606/ide/tools/bin/../lib/gcc/arm-none-eabi/6.3.1/../../../../arm-none-eabi/lib/thumb/v6-m\libcr_c.a(setvbuf.o)
                0x00003dd0                setvbuf
 .text.strlen   0x00003e18       0x58 c:/nxp/mcuxpressoide_10.1.1_606/ide/tools/bin/../lib/gcc/arm-none-eabi/6.3.1/../../../../arm-none-eabi/lib/thumb/v6-m\libcr_c.a(strlen.o)
                0x00003e18                strlen
 .text._sbrk    0x00003e70       0x40 c:/nxp/mcuxpressoide_10.1.1_606/ide/tools/bin/../lib/gcc/arm-none-eabi/6.3.1/../../../../arm-none-eabi/lib/thumb/v6-m\libcr_c.a(_cr_sbrk.o)
                0x00003e70                _sbrk
 .text._fdopen  0x00003eb0       0x74 c:/nxp/mcuxpressoide_10.1.1_606/ide/tools/bin/../lib/gcc/arm-none-eabi/6.3.1/../../../../arm-none-eabi/lib/thumb/v6-m\libcr_c.a(_fdopen.o)
                0x00003eb0                _fdopen
 .text.fclose   0x00003f24       0x5c c:/nxp/mcuxpressoide_10.1.1_606/ide/tools/bin/../lib/gcc/arm-none-eabi/6.3.1/../../../../arm-none-eabi/lib/thumb/v6-m\libcr_c.a(fclose.o)
                0x00003f24                fclose
 .text.fflush   0x00003f80       0x44 c:/nxp/mcuxpressoide_10.1.1_606/ide/tools/bin/../lib/gcc/arm-none-eabi/6.3.1/../../../../arm-none-eabi/lib/thumb/v6-m\libcr_c.a(fflush.o)
                0x00003f80                fflush
 .text.remove   0x00003fc4       0x12 c:/nxp/mcuxpressoide_10.1.1_606/ide/tools/bin/../lib/gcc/arm-none-eabi/6.3.1/../../../../arm-none-eabi/lib/thumb/v6-m\libcr_c.a(remove.o)
                0x00003fc4                remove
 *fill*         0x00003fd6        0x2 ff
 .text.__check_heap_overflow
                0x00003fd8       0x18 c:/nxp/mcuxpressoide_10.1.1_606/ide/tools/bin/../lib/gcc/arm-none-eabi/6.3.1/../../../../arm-none-eabi/lib/thumb/v6-m\libcr_c.a(_cr_check_heap.o)
                0x00003fd8                __check_heap_overflow
 .text._do_fflush
                0x00003ff0       0x44 c:/nxp/mcuxpressoide_10.1.1_606/ide/tools/bin/../lib/gcc/arm-none-eabi/6.3.1/../../../../arm-none-eabi/lib/thumb/v6-m\libcr_c.a(_do_fflush.o)
                0x00003ff0                _do_fflush
 .text.__aeabi_division_idivmod
                0x00004034       0x78 c:/nxp/mcuxpressoide_10.1.1_606/ide/tools/bin/../lib/gcc/arm-none-eabi/6.3.1/thumb/v6-m\libcr_eabihelpers.a(division_32.o)
                0x00004034                __aeabi_idivmod
                0x00004034                __aeabi_idiv
                0x0000403a                __aeabi_uidivmod
                0x0000403a                __aeabi_uidiv
 .text.__aeabi_division_idiv0
                0x000040ac        0x2 c:/nxp/mcuxpressoide_10.1.1_606/ide/tools/bin/../lib/gcc/arm-none-eabi/6.3.1/thumb/v6-m\libcr_eabihelpers.a(division_idiv0.o)
                0x000040ac                __aeabi_idiv0
 *fill*         0x000040ae        0x2 ff
 .text.__aeabi_dmul
                0x000040b0      0x180 c:/nxp/mcuxpressoide_10.1.1_606/ide/tools/bin/../lib/gcc/arm-none-eabi/6.3.1/thumb/v6-m\libcr_eabihelpers.a(double.o)
                0x000040b0                __aeabi_dmul
 .text.__aeabi_d2f
                0x00004230       0x60 c:/nxp/mcuxpressoide_10.1.1_606/ide/tools/bin/../lib/gcc/arm-none-eabi/6.3.1/thumb/v6-m\libcr_eabihelpers.a(double.o)
                0x00004230                __aeabi_d2f
 .text.__bhs_ui2d
                0x00004290       0x5e c:/nxp/mcuxpressoide_10.1.1_606/ide/tools/bin/../lib/gcc/arm-none-eabi/6.3.1/thumb/v6-m\libcr_eabihelpers.a(double.o)
                0x00004290                __bhs_ui2d
 .text.__aeabi_ui2d
                0x000042ee        0xc c:/nxp/mcuxpressoide_10.1.1_606/ide/tools/bin/../lib/gcc/arm-none-eabi/6.3.1/thumb/v6-m\libcr_eabihelpers.a(double.o)
                0x000042ee                __aeabi_ui2d
 *fill*         0x000042fa        0x2 ff
 .text.__aeabi_f2iz
                0x000042fc       0x3c c:/nxp/mcuxpressoide_10.1.1_606/ide/tools/bin/../lib/gcc/arm-none-eabi/6.3.1/thumb/v6-m\libcr_eabihelpers.a(float.o)
                0x000042fc                __aeabi_f2iz
 .text.__aeabi_llong_lmul
                0x00004338       0x2e c:/nxp/mcuxpressoide_10.1.1_606/ide/tools/bin/../lib/gcc/arm-none-eabi/6.3.1/thumb/v6-m\libcr_eabihelpers.a(llong.o)
                0x00004338                __aeabi_lmul
 .text.__aeabi_memset_lowlevel
                0x00004366       0x2a c:/nxp/mcuxpressoide_10.1.1_606/ide/tools/bin/../lib/gcc/arm-none-eabi/6.3.1/thumb/v6-m\libcr_eabihelpers.a(memcpy.o)
                0x00004366                __aeabi_lowlevel_memset
 .text.__sys_close
                0x00004390        0xc c:/nxp/mcuxpressoide_10.1.1_606/ide/tools/bin/../lib/gcc/arm-none-eabi/6.3.1/../../../../arm-none-eabi/lib/thumb/v6-m\libcr_semihost_nf.a(__sys_close.o)
                0x00004390                __sys_close
 .text.__sys_flen
                0x0000439c        0xc c:/nxp/mcuxpressoide_10.1.1_606/ide/tools/bin/../lib/gcc/arm-none-eabi/6.3.1/../../../../arm-none-eabi/lib/thumb/v6-m\libcr_semihost_nf.a(__sys_flen.o)
                0x0000439c                __sys_flen
 .text.__sys_istty
                0x000043a8        0xc c:/nxp/mcuxpressoide_10.1.1_606/ide/tools/bin/../lib/gcc/arm-none-eabi/6.3.1/../../../../arm-none-eabi/lib/thumb/v6-m\libcr_semihost_nf.a(__sys_istty.o)
                0x000043a8                __sys_istty
 .text.__sys_remove
                0x000043b4        0xc c:/nxp/mcuxpressoide_10.1.1_606/ide/tools/bin/../lib/gcc/arm-none-eabi/6.3.1/../../../../arm-none-eabi/lib/thumb/v6-m\libcr_semihost_nf.a(__sys_remove.o)
                0x000043b4                __sys_remove
 .text.__sys_seek
                0x000043c0        0xc c:/nxp/mcuxpressoide_10.1.1_606/ide/tools/bin/../lib/gcc/arm-none-eabi/6.3.1/../../../../arm-none-eabi/lib/thumb/v6-m\libcr_semihost_nf.a(__sys_seek.o)
                0x000043c0                __sys_seek
 .text.__sys_tmpnam
                0x000043cc        0xc c:/nxp/mcuxpressoide_10.1.1_606/ide/tools/bin/../lib/gcc/arm-none-eabi/6.3.1/../../../../arm-none-eabi/lib/thumb/v6-m\libcr_semihost_nf.a(__sys_tmpnam.o)
                0x000043cc                __sys_tmpnam
 .text.__sys_write
                0x000043d8        0xc c:/nxp/mcuxpressoide_10.1.1_606/ide/tools/bin/../lib/gcc/arm-none-eabi/6.3.1/../../../../arm-none-eabi/lib/thumb/v6-m\libcr_semihost_nf.a(__sys_write.o)
                0x000043d8                __sys_write
 *(.rodata .rodata.* .constdata .constdata.*)
 .rodata        0x000043e4      0x1a4 ./source/Practica_2.o
 .rodata.Digits
                0x00004588       0x28 ./source/Practica_2.o
 .rodata        0x000045b0      0x13a ./drivers/fsl_adc16.o
 *fill*         0x000046ea        0x2 ff
 .rodata        0x000046ec      0x11d ./drivers/fsl_clock.o
 *fill*         0x00004809        0x3 ff
 .rodata.fllFactorTable.5202
                0x0000480c       0x10 ./drivers/fsl_clock.o
 .rodata        0x0000481c      0x152 ./drivers/fsl_dac.o
 *fill*         0x0000496e        0x2 ff
 .rodata        0x00004970       0x62 ./drivers/fsl_gpio.o
 *fill*         0x000049d2        0x2 ff
 .rodata        0x000049d4      0x48c ./drivers/fsl_lpsci.o
 .rodata.s_uartBases
                0x00004e60        0xc ./drivers/fsl_uart.o
 .rodata.s_uartClock
                0x00004e6c        0xc ./drivers/fsl_uart.o
 .rodata        0x00004e78      0x45b ./drivers/fsl_uart.o
 *fill*         0x000052d3        0x1 ff
 .rodata.mcgConfig_BOARD_BootClockRUN
                0x000052d4        0xa ./board/clock_config.o
                0x000052d4                mcgConfig_BOARD_BootClockRUN
 *fill*         0x000052de        0x2 ff
 .rodata.simConfig_BOARD_BootClockRUN
                0x000052e0        0x8 ./board/clock_config.o
                0x000052e0                simConfig_BOARD_BootClockRUN
 .rodata.oscConfig_BOARD_BootClockRUN
                0x000052e8        0x8 ./board/clock_config.o
                0x000052e8                oscConfig_BOARD_BootClockRUN
 .rodata        0x000052f0       0x46 ./Headers/GPIO.o
 *fill*         0x00005336        0x2 ff
 .rodata        0x00005338       0x46 ./Headers/LED_INDICATOR.o
 .rodata.__assertion_failed.str1.1
                0x0000537e       0x15 c:/nxp/mcuxpressoide_10.1.1_606/ide/tools/bin/../lib/gcc/arm-none-eabi/6.3.1/../../../../arm-none-eabi/lib/thumb/v6-m\libcr_semihost_nf.a(_cr_assert.o)
 *fill*         0x00005393        0x1 ff
 .rodata.__num_Ciob_streams
                0x00005394        0x4 c:/nxp/mcuxpressoide_10.1.1_606/ide/tools/bin/../lib/gcc/arm-none-eabi/6.3.1/../../../../arm-none-eabi/lib/thumb/v6-m\libcr_semihost_nf.a(__ciob.o)
                0x00005394                __num_Ciob_streams
 .rodata._Csys_alloc.str1.1
                0x00005398       0x18 c:/nxp/mcuxpressoide_10.1.1_606/ide/tools/bin/../lib/gcc/arm-none-eabi/6.3.1/../../../../arm-none-eabi/lib/thumb/v6-m\libcr_c.a(alloc.o)
 .rodata._initio.str1.1
                0x000053b0        0x4 c:/nxp/mcuxpressoide_10.1.1_606/ide/tools/bin/../lib/gcc/arm-none-eabi/6.3.1/../../../../arm-none-eabi/lib/thumb/v6-m\libcr_c.a(initio.o)
 .rodata.__vfprintf.str1.1
                0x000053b4       0x35 c:/nxp/mcuxpressoide_10.1.1_606/ide/tools/bin/../lib/gcc/arm-none-eabi/6.3.1/../../../../arm-none-eabi/lib/thumb/v6-m\libcr_c.a(printf.o)
                                 0x38 (size before relaxing)
                0x000053ec                . = ALIGN (0x4)
 *fill*         0x000053e9        0x3 ff

.glue_7         0x000053ec        0x0
 .glue_7        0x000053ec        0x0 linker stubs

.glue_7t        0x000053ec        0x0
 .glue_7t       0x000053ec        0x0 linker stubs

.vfp11_veneer   0x000053ec        0x0
 .vfp11_veneer  0x000053ec        0x0 linker stubs

.v4_bx          0x000053ec        0x0
 .v4_bx         0x000053ec        0x0 linker stubs

.iplt           0x000053ec        0x0
 .iplt          0x000053ec        0x0 ./utilities/fsl_debug_console.o

.rel.dyn        0x000053ec        0x0
 .rel.iplt      0x000053ec        0x0 ./utilities/fsl_debug_console.o

.ARM.extab
 *(.ARM.extab* .gnu.linkonce.armextab.*)
                0x000053ec                __exidx_start = .

.ARM.exidx
 *(.ARM.exidx* .gnu.linkonce.armexidx.*)
                0x000053ec                __exidx_end = .
                0x000053ec                _etext = .

.m_usb_data
 *(m_usb_bdt)

.mtb_buffer_default
                0x1ffff000       0x80
 *(.mtb*)
 .mtb.$RAM1     0x1ffff000       0x80 ./source/mtb.o
                0x1ffff000                __mtb_buffer__

.uninit_RESERVED
                0x1ffff080        0x0
 *(.bss.$RESERVED*)
                0x1ffff080                . = ALIGN (0x4)
                0x1ffff080                _end_uninit_RESERVED = .

.data           0x1ffff080        0xc load address 0x000053ec
 FILL mask 0xff
                0x1ffff080                _data = .
 *(vtable)
 *(.ramfunc*)
 *(.data*)
 .data.modo     0x1ffff080        0x4 ./source/Practica_2.o
                0x1ffff080                modo
 .data.s_slowIrcFreq
                0x1ffff084        0x4 ./drivers/fsl_clock.o
 .data.SystemCoreClock
                0x1ffff088        0x4 ./CMSIS/system_MKL25Z4.o
                0x1ffff088                SystemCoreClock
                0x1ffff08c                . = ALIGN (0x4)
                0x1ffff08c                _edata = .

.igot.plt       0x1ffff08c        0x0 load address 0x000053f8
 .igot.plt      0x1ffff08c        0x0 ./utilities/fsl_debug_console.o

.bss            0x1ffff08c      0x10c load address 0x000053f8
                0x1ffff08c                _bss = .
 *(.bss*)
 .bss.s_debugConsole
                0x1ffff08c       0x10 ./utilities/fsl_debug_console.o
 .bss.x         0x1ffff09c        0x4 ./source/Practica_2.o
                0x1ffff09c                x
 .bss.numero    0x1ffff0a0        0x4 ./source/Practica_2.o
                0x1ffff0a0                numero
 .bss.ModCont   0x1ffff0a4        0x4 ./source/Practica_2.o
                0x1ffff0a4                ModCont
 .bss.g_Adc16ConversionDoneFlag
                0x1ffff0a8        0x1 ./source/Practica_2.o
                0x1ffff0a8                g_Adc16ConversionDoneFlag
 *fill*         0x1ffff0a9        0x3 
 .bss.g_Adc16ConversionValue
                0x1ffff0ac        0x4 ./source/Practica_2.o
                0x1ffff0ac                g_Adc16ConversionValue
 .bss.g_adc16ChannelConfigStruct
                0x1ffff0b0        0x8 ./source/Practica_2.o
                0x1ffff0b0                g_adc16ChannelConfigStruct
 .bss.voltRead  0x1ffff0b8        0x4 ./source/Practica_2.o
                0x1ffff0b8                voltRead
 .bss.g_xtal0Freq
                0x1ffff0bc        0x4 ./drivers/fsl_clock.o
                0x1ffff0bc                g_xtal0Freq
 .bss.s_lpsciHandle
                0x1ffff0c0        0x4 ./drivers/fsl_lpsci.o
 .bss.s_lpsciIsr
                0x1ffff0c4        0x4 ./drivers/fsl_lpsci.o
 .bss.s_uartHandle
                0x1ffff0c8        0xc ./drivers/fsl_uart.o
 .bss.s_uartIsr
                0x1ffff0d4        0x4 ./drivers/fsl_uart.o
 .bss.__Ciob    0x1ffff0d8       0xb4 c:/nxp/mcuxpressoide_10.1.1_606/ide/tools/bin/../lib/gcc/arm-none-eabi/6.3.1/../../../../arm-none-eabi/lib/thumb/v6-m\libcr_semihost_nf.a(__ciob.o)
                0x1ffff0d8                __Ciob
 .bss.__end_of_heap
                0x1ffff18c        0x4 c:/nxp/mcuxpressoide_10.1.1_606/ide/tools/bin/../lib/gcc/arm-none-eabi/6.3.1/../../../../arm-none-eabi/lib/thumb/v6-m\libcr_c.a(__init_alloc.o)
                0x1ffff18c                __end_of_heap
 .bss.__heaps   0x1ffff190        0x4 c:/nxp/mcuxpressoide_10.1.1_606/ide/tools/bin/../lib/gcc/arm-none-eabi/6.3.1/../../../../arm-none-eabi/lib/thumb/v6-m\libcr_c.a(__init_alloc.o)
                0x1ffff190                __heaps
 .bss.errno     0x1ffff194        0x4 c:/nxp/mcuxpressoide_10.1.1_606/ide/tools/bin/../lib/gcc/arm-none-eabi/6.3.1/../../../../arm-none-eabi/lib/thumb/v6-m\libcr_c.a(errno.o)
                0x1ffff194                errno
 *(COMMON)
                0x1ffff198                . = ALIGN (0x4)
                0x1ffff198                _ebss = .
                [!provide]                PROVIDE (end, .)

.noinit         0x1ffff198        0x0 load address 0x000053f8
                0x1ffff198                _noinit = .
 *(.noinit*)
                0x1ffff198                . = ALIGN (0x4)
                0x1ffff198                _end_noinit = .
                0x00000400                _HeapSize = 0x400

.heap           0x1ffff198      0x400 load address 0x000053f8
                0x1ffff198                _pvHeapStart = .
                0x1ffff598                . = (. + _HeapSize)
 *fill*         0x1ffff198      0x400 
                0x1ffff598                . = ALIGN (0x4)
                0x1ffff598                _pvHeapLimit = .
                0x00000400                _StackSize = 0x400

.heap2stackfill
                0x1ffff598      0x400 load address 0x000053f8
                0x1ffff998                . = (. + _StackSize)
 *fill*         0x1ffff598      0x400 

.stack          0x20002c00        0x0
                0x20002c00                _vStackBase = .
                0x20002c00                . = ALIGN (0x4)
                0x20003000                _vStackTop = (. + _StackSize)
                0x00000000                _image_start = LOADADDR (.text)
                0x000053f8                _image_end = (LOADADDR (.data) + SIZEOF (.data))
                0x000053f8                _image_size = (_image_end - _image_start)
OUTPUT(Practica_2.axf elf32-littlearm)

.debug_info     0x00000000     0x9ef7
 .debug_info    0x00000000      0x961 ./utilities/fsl_debug_console.o
 .debug_info    0x00000961      0x4a2 ./startup/startup_mkl25z4.o
 .debug_info    0x00000e03     0x10dd ./source/Practica_2.o
 .debug_info    0x00001ee0       0x51 ./source/mtb.o
 .debug_info    0x00001f31       0x3b ./source/semihost_hardfault.o
 .debug_info    0x00001f6c      0xc14 ./drivers/fsl_adc16.o
 .debug_info    0x00002b80     0x1953 ./drivers/fsl_clock.o
 .debug_info    0x000044d3      0x867 ./drivers/fsl_dac.o
 .debug_info    0x00004d3a      0x537 ./drivers/fsl_gpio.o
 .debug_info    0x00005271     0x1389 ./drivers/fsl_lpsci.o
 .debug_info    0x000065fa     0x1333 ./drivers/fsl_uart.o
 .debug_info    0x0000792d      0x797 ./board/board.o
 .debug_info    0x000080c4      0xa76 ./board/clock_config.o
 .debug_info    0x00008b3a       0x3b ./board/peripherals.o
 .debug_info    0x00008b75      0x56f ./board/pin_mux.o
 .debug_info    0x000090e4      0x534 ./Headers/GPIO.o
 .debug_info    0x00009618      0x4da ./Headers/LED_INDICATOR.o
 .debug_info    0x00009af2      0x405 ./CMSIS/system_MKL25Z4.o

.debug_abbrev   0x00000000     0x1fc0
 .debug_abbrev  0x00000000      0x1f1 ./utilities/fsl_debug_console.o
 .debug_abbrev  0x000001f1      0x16d ./startup/startup_mkl25z4.o
 .debug_abbrev  0x0000035e      0x313 ./source/Practica_2.o
 .debug_abbrev  0x00000671       0x41 ./source/mtb.o
 .debug_abbrev  0x000006b2       0x2f ./source/semihost_hardfault.o
 .debug_abbrev  0x000006e1      0x26a ./drivers/fsl_adc16.o
 .debug_abbrev  0x0000094b      0x325 ./drivers/fsl_clock.o
 .debug_abbrev  0x00000c70      0x207 ./drivers/fsl_dac.o
 .debug_abbrev  0x00000e77      0x194 ./drivers/fsl_gpio.o
 .debug_abbrev  0x0000100b      0x2c9 ./drivers/fsl_lpsci.o
 .debug_abbrev  0x000012d4      0x2e1 ./drivers/fsl_uart.o
 .debug_abbrev  0x000015b5      0x183 ./board/board.o
 .debug_abbrev  0x00001738      0x1f0 ./board/clock_config.o
 .debug_abbrev  0x00001928       0x2f ./board/peripherals.o
 .debug_abbrev  0x00001957      0x195 ./board/pin_mux.o
 .debug_abbrev  0x00001aec      0x1c9 ./Headers/GPIO.o
 .debug_abbrev  0x00001cb5      0x1cf ./Headers/LED_INDICATOR.o
 .debug_abbrev  0x00001e84      0x13c ./CMSIS/system_MKL25Z4.o

.debug_aranges  0x00000000      0x980
 .debug_aranges
                0x00000000       0x48 ./utilities/fsl_debug_console.o
 .debug_aranges
                0x00000048      0x160 ./startup/startup_mkl25z4.o
 .debug_aranges
                0x000001a8       0xa0 ./source/Practica_2.o
 .debug_aranges
                0x00000248       0x18 ./source/mtb.o
 .debug_aranges
                0x00000260       0x20 ./source/semihost_hardfault.o
 .debug_aranges
                0x00000280       0x88 ./drivers/fsl_adc16.o
 .debug_aranges
                0x00000308      0x1d8 ./drivers/fsl_clock.o
 .debug_aranges
                0x000004e0       0x90 ./drivers/fsl_dac.o
 .debug_aranges
                0x00000570       0x40 ./drivers/fsl_gpio.o
 .debug_aranges
                0x000005b0      0x118 ./drivers/fsl_lpsci.o
 .debug_aranges
                0x000006c8      0x130 ./drivers/fsl_uart.o
 .debug_aranges
                0x000007f8       0x28 ./board/board.o
 .debug_aranges
                0x00000820       0x58 ./board/clock_config.o
 .debug_aranges
                0x00000878       0x20 ./board/peripherals.o
 .debug_aranges
                0x00000898       0x38 ./board/pin_mux.o
 .debug_aranges
                0x000008d0       0x30 ./Headers/GPIO.o
 .debug_aranges
                0x00000900       0x58 ./Headers/LED_INDICATOR.o
 .debug_aranges
                0x00000958       0x28 ./CMSIS/system_MKL25Z4.o

.debug_ranges   0x00000000      0x858
 .debug_ranges  0x00000000       0x38 ./utilities/fsl_debug_console.o
 .debug_ranges  0x00000038      0x150 ./startup/startup_mkl25z4.o
 .debug_ranges  0x00000188       0x90 ./source/Practica_2.o
 .debug_ranges  0x00000218       0x10 ./source/semihost_hardfault.o
 .debug_ranges  0x00000228       0x78 ./drivers/fsl_adc16.o
 .debug_ranges  0x000002a0      0x1c8 ./drivers/fsl_clock.o
 .debug_ranges  0x00000468       0x80 ./drivers/fsl_dac.o
 .debug_ranges  0x000004e8       0x30 ./drivers/fsl_gpio.o
 .debug_ranges  0x00000518      0x108 ./drivers/fsl_lpsci.o
 .debug_ranges  0x00000620      0x120 ./drivers/fsl_uart.o
 .debug_ranges  0x00000740       0x18 ./board/board.o
 .debug_ranges  0x00000758       0x48 ./board/clock_config.o
 .debug_ranges  0x000007a0       0x10 ./board/peripherals.o
 .debug_ranges  0x000007b0       0x28 ./board/pin_mux.o
 .debug_ranges  0x000007d8       0x20 ./Headers/GPIO.o
 .debug_ranges  0x000007f8       0x48 ./Headers/LED_INDICATOR.o
 .debug_ranges  0x00000840       0x18 ./CMSIS/system_MKL25Z4.o

.debug_macro    0x00000000     0x8fca
 .debug_macro   0x00000000      0x13a ./utilities/fsl_debug_console.o
 .debug_macro   0x0000013a      0x8ce ./utilities/fsl_debug_console.o
 .debug_macro   0x00000a08       0x10 ./utilities/fsl_debug_console.o
 .debug_macro   0x00000a18       0x16 ./utilities/fsl_debug_console.o
 .debug_macro   0x00000a2e       0x10 ./utilities/fsl_debug_console.o
 .debug_macro   0x00000a3e      0x12d ./utilities/fsl_debug_console.o
 .debug_macro   0x00000b6b       0x28 ./utilities/fsl_debug_console.o
 .debug_macro   0x00000b93       0xc4 ./utilities/fsl_debug_console.o
 .debug_macro   0x00000c57       0x16 ./utilities/fsl_debug_console.o
 .debug_macro   0x00000c6d       0x22 ./utilities/fsl_debug_console.o
 .debug_macro   0x00000c8f      0x5b2 ./utilities/fsl_debug_console.o
 .debug_macro   0x00001241       0x10 ./utilities/fsl_debug_console.o
 .debug_macro   0x00001251       0x3f ./utilities/fsl_debug_console.o
 .debug_macro   0x00001290       0x3a ./utilities/fsl_debug_console.o
 .debug_macro   0x000012ca       0x26 ./utilities/fsl_debug_console.o
 .debug_macro   0x000012f0      0x329 ./utilities/fsl_debug_console.o
 .debug_macro   0x00001619       0x30 ./utilities/fsl_debug_console.o
 .debug_macro   0x00001649     0x51e2 ./utilities/fsl_debug_console.o
 .debug_macro   0x0000682b     0x1352 ./utilities/fsl_debug_console.o
 .debug_macro   0x00007b7d       0x3a ./utilities/fsl_debug_console.o
 .debug_macro   0x00007bb7       0xf4 ./utilities/fsl_debug_console.o
 .debug_macro   0x00007cab       0x35 ./utilities/fsl_debug_console.o
 .debug_macro   0x00007ce0       0xd2 ./utilities/fsl_debug_console.o
 .debug_macro   0x00007db2       0x2e ./utilities/fsl_debug_console.o
 .debug_macro   0x00007de0       0x10 ./utilities/fsl_debug_console.o
 .debug_macro   0x00007df0       0x10 ./utilities/fsl_debug_console.o
 .debug_macro   0x00007e00       0x29 ./startup/startup_mkl25z4.o
 .debug_macro   0x00007e29      0x187 ./source/Practica_2.o
 .debug_macro   0x00007fb0       0x1c ./source/Practica_2.o
 .debug_macro   0x00007fcc       0x1c ./source/Practica_2.o
 .debug_macro   0x00007fe8       0x10 ./source/Practica_2.o
 .debug_macro   0x00007ff8      0x112 ./source/Practica_2.o
 .debug_macro   0x0000810a       0x10 ./source/Practica_2.o
 .debug_macro   0x0000811a       0x10 ./source/Practica_2.o
 .debug_macro   0x0000812a       0x10 ./source/Practica_2.o
 .debug_macro   0x0000813a       0x58 ./source/Practica_2.o
 .debug_macro   0x00008192       0x58 ./source/Practica_2.o
 .debug_macro   0x000081ea       0x52 ./source/Practica_2.o
 .debug_macro   0x0000823c       0x1c ./source/Practica_2.o
 .debug_macro   0x00008258       0x46 ./source/Practica_2.o
 .debug_macro   0x0000829e       0x2f ./source/mtb.o
 .debug_macro   0x000082cd       0x82 ./source/mtb.o
 .debug_macro   0x0000834f       0x10 ./source/mtb.o
 .debug_macro   0x0000835f       0x11 ./source/semihost_hardfault.o
 .debug_macro   0x00008370       0xec ./drivers/fsl_adc16.o
 .debug_macro   0x0000845c      0x196 ./drivers/fsl_clock.o
 .debug_macro   0x000085f2       0xec ./drivers/fsl_dac.o
 .debug_macro   0x000086de       0xec ./drivers/fsl_gpio.o
 .debug_macro   0x000087ca       0xec ./drivers/fsl_lpsci.o
 .debug_macro   0x000088b6       0xf2 ./drivers/fsl_uart.o
 .debug_macro   0x000089a8      0x12b ./board/board.o
 .debug_macro   0x00008ad3       0x16 ./board/board.o
 .debug_macro   0x00008ae9      0x123 ./board/clock_config.o
 .debug_macro   0x00008c0c       0x1b ./board/peripherals.o
 .debug_macro   0x00008c27      0x107 ./board/pin_mux.o
 .debug_macro   0x00008d2e      0x107 ./Headers/GPIO.o
 .debug_macro   0x00008e35      0x101 ./Headers/LED_INDICATOR.o
 .debug_macro   0x00008f36       0x94 ./CMSIS/system_MKL25Z4.o

.debug_line     0x00000000     0x3d64
 .debug_line    0x00000000      0x334 ./utilities/fsl_debug_console.o
 .debug_line    0x00000334      0x128 ./startup/startup_mkl25z4.o
 .debug_line    0x0000045c      0x5cb ./source/Practica_2.o
 .debug_line    0x00000a27       0x95 ./source/mtb.o
 .debug_line    0x00000abc       0x54 ./source/semihost_hardfault.o
 .debug_line    0x00000b10      0x3c5 ./drivers/fsl_adc16.o
 .debug_line    0x00000ed5      0x98d ./drivers/fsl_clock.o
 .debug_line    0x00001862      0x38c ./drivers/fsl_dac.o
 .debug_line    0x00001bee      0x28c ./drivers/fsl_gpio.o
 .debug_line    0x00001e7a      0x740 ./drivers/fsl_lpsci.o
 .debug_line    0x000025ba      0x743 ./drivers/fsl_uart.o
 .debug_line    0x00002cfd      0x2c0 ./board/board.o
 .debug_line    0x00002fbd      0x2f3 ./board/clock_config.o
 .debug_line    0x000032b0       0x58 ./board/peripherals.o
 .debug_line    0x00003308      0x28e ./board/pin_mux.o
 .debug_line    0x00003596      0x2ba ./Headers/GPIO.o
 .debug_line    0x00003850      0x32c ./Headers/LED_INDICATOR.o
 .debug_line    0x00003b7c      0x1e8 ./CMSIS/system_MKL25Z4.o

.debug_str      0x00000000    0x367b9
 .debug_str     0x00000000    0x30d24 ./utilities/fsl_debug_console.o
                              0x30f94 (size before relaxing)
 .debug_str     0x00030d24      0x3d1 ./startup/startup_mkl25z4.o
                               0x2971 (size before relaxing)
 .debug_str     0x000310f5     0x1b95 ./source/Practica_2.o
                              0x321c9 (size before relaxing)
 .debug_str     0x00032c8a      0x532 ./source/mtb.o
                               0x2a70 (size before relaxing)
 .debug_str     0x000331bc       0x1f ./source/semihost_hardfault.o
                               0x2561 (size before relaxing)
 .debug_str     0x000331db      0x5ae ./drivers/fsl_adc16.o
                              0x30d16 (size before relaxing)
 .debug_str     0x00033789     0x1402 ./drivers/fsl_clock.o
                              0x31a78 (size before relaxing)
 .debug_str     0x00034b8b      0x259 ./drivers/fsl_dac.o
                              0x30664 (size before relaxing)
 .debug_str     0x00034de4      0x14f ./drivers/fsl_gpio.o
                              0x302dd (size before relaxing)
 .debug_str     0x00034f33      0x962 ./drivers/fsl_lpsci.o
                              0x31080 (size before relaxing)
 .debug_str     0x00035895      0x832 ./drivers/fsl_uart.o
                              0x310a3 (size before relaxing)
 .debug_str     0x000360c7       0x4c ./board/board.o
                              0x30ef0 (size before relaxing)
 .debug_str     0x00036113      0x300 ./board/clock_config.o
                              0x309a6 (size before relaxing)
 .debug_str     0x00036413       0x31 ./board/peripherals.o
                               0x2572 (size before relaxing)
 .debug_str     0x00036444      0x1a3 ./board/pin_mux.o
                              0x30109 (size before relaxing)
 .debug_str     0x000365e7      0x110 ./Headers/GPIO.o
                              0x3035c (size before relaxing)
 .debug_str     0x000366f7       0x7b ./Headers/LED_INDICATOR.o
                              0x3004f (size before relaxing)
 .debug_str     0x00036772       0x47 ./CMSIS/system_MKL25Z4.o
                              0x2f3e2 (size before relaxing)

.comment        0x00000000       0x7f
 .comment       0x00000000       0x7f ./utilities/fsl_debug_console.o
                                 0x80 (size before relaxing)
 .comment       0x0000007f       0x80 ./startup/startup_mkl25z4.o
 .comment       0x0000007f       0x80 ./source/Practica_2.o
 .comment       0x0000007f       0x80 ./source/mtb.o
 .comment       0x0000007f       0x80 ./source/semihost_hardfault.o
 .comment       0x0000007f       0x80 ./drivers/fsl_adc16.o
 .comment       0x0000007f       0x80 ./drivers/fsl_clock.o
 .comment       0x0000007f       0x80 ./drivers/fsl_dac.o
 .comment       0x0000007f       0x80 ./drivers/fsl_gpio.o
 .comment       0x0000007f       0x80 ./drivers/fsl_lpsci.o
 .comment       0x0000007f       0x80 ./drivers/fsl_uart.o
 .comment       0x0000007f       0x80 ./board/board.o
 .comment       0x0000007f       0x80 ./board/clock_config.o
 .comment       0x0000007f       0x80 ./board/peripherals.o
 .comment       0x0000007f       0x80 ./board/pin_mux.o
 .comment       0x0000007f       0x80 ./Headers/GPIO.o
 .comment       0x0000007f       0x80 ./Headers/LED_INDICATOR.o
 .comment       0x0000007f       0x80 ./CMSIS/system_MKL25Z4.o
 .comment       0x0000007f       0x80 c:/nxp/mcuxpressoide_10.1.1_606/ide/tools/bin/../lib/gcc/arm-none-eabi/6.3.1/../../../../arm-none-eabi/lib/thumb/v6-m\libcr_semihost_nf.a(_cr__main.o)
 .comment       0x0000007f       0x80 c:/nxp/mcuxpressoide_10.1.1_606/ide/tools/bin/../lib/gcc/arm-none-eabi/6.3.1/../../../../arm-none-eabi/lib/thumb/v6-m\libcr_semihost_nf.a(_cr_assert.o)
 .comment       0x0000007f       0x80 c:/nxp/mcuxpressoide_10.1.1_606/ide/tools/bin/../lib/gcc/arm-none-eabi/6.3.1/../../../../arm-none-eabi/lib/thumb/v6-m\libcr_semihost_nf.a(__ciob.o)
 .comment       0x0000007f       0x80 c:/nxp/mcuxpressoide_10.1.1_606/ide/tools/bin/../lib/gcc/arm-none-eabi/6.3.1/../../../../arm-none-eabi/lib/thumb/v6-m\libcr_c.a(memset.o)
 .comment       0x0000007f       0x80 c:/nxp/mcuxpressoide_10.1.1_606/ide/tools/bin/../lib/gcc/arm-none-eabi/6.3.1/../../../../arm-none-eabi/lib/thumb/v6-m\libcr_c.a(_deferredlazyseek.o)
 .comment       0x0000007f       0x80 c:/nxp/mcuxpressoide_10.1.1_606/ide/tools/bin/../lib/gcc/arm-none-eabi/6.3.1/../../../../arm-none-eabi/lib/thumb/v6-m\libcr_c.a(_fflush.o)
 .comment       0x0000007f       0x80 c:/nxp/mcuxpressoide_10.1.1_606/ide/tools/bin/../lib/gcc/arm-none-eabi/6.3.1/../../../../arm-none-eabi/lib/thumb/v6-m\libcr_c.a(_writebuf.o)
 .comment       0x0000007f       0x80 c:/nxp/mcuxpressoide_10.1.1_606/ide/tools/bin/../lib/gcc/arm-none-eabi/6.3.1/../../../../arm-none-eabi/lib/thumb/v6-m\libcr_c.a(alloc.o)
 .comment       0x0000007f       0x80 c:/nxp/mcuxpressoide_10.1.1_606/ide/tools/bin/../lib/gcc/arm-none-eabi/6.3.1/../../../../arm-none-eabi/lib/thumb/v6-m\libcr_c.a(fputs.o)
 .comment       0x0000007f       0x80 c:/nxp/mcuxpressoide_10.1.1_606/ide/tools/bin/../lib/gcc/arm-none-eabi/6.3.1/../../../../arm-none-eabi/lib/thumb/v6-m\libcr_c.a(fseek.o)
 .comment       0x0000007f       0x80 c:/nxp/mcuxpressoide_10.1.1_606/ide/tools/bin/../lib/gcc/arm-none-eabi/6.3.1/../../../../arm-none-eabi/lib/thumb/v6-m\libcr_c.a(ftell.o)
 .comment       0x0000007f       0x80 c:/nxp/mcuxpressoide_10.1.1_606/ide/tools/bin/../lib/gcc/arm-none-eabi/6.3.1/../../../../arm-none-eabi/lib/thumb/v6-m\libcr_c.a(initio.o)
 .comment       0x0000007f       0x80 c:/nxp/mcuxpressoide_10.1.1_606/ide/tools/bin/../lib/gcc/arm-none-eabi/6.3.1/../../../../arm-none-eabi/lib/thumb/v6-m\libcr_c.a(printf.o)
 .comment       0x0000007f       0x80 c:/nxp/mcuxpressoide_10.1.1_606/ide/tools/bin/../lib/gcc/arm-none-eabi/6.3.1/../../../../arm-none-eabi/lib/thumb/v6-m\libcr_c.a(setvbuf.o)
 .comment       0x0000007f       0x80 c:/nxp/mcuxpressoide_10.1.1_606/ide/tools/bin/../lib/gcc/arm-none-eabi/6.3.1/../../../../arm-none-eabi/lib/thumb/v6-m\libcr_c.a(strlen.o)
 .comment       0x0000007f       0x80 c:/nxp/mcuxpressoide_10.1.1_606/ide/tools/bin/../lib/gcc/arm-none-eabi/6.3.1/../../../../arm-none-eabi/lib/thumb/v6-m\libcr_c.a(__init_alloc.o)
 .comment       0x0000007f       0x80 c:/nxp/mcuxpressoide_10.1.1_606/ide/tools/bin/../lib/gcc/arm-none-eabi/6.3.1/../../../../arm-none-eabi/lib/thumb/v6-m\libcr_c.a(_cr_sbrk.o)
 .comment       0x0000007f       0x80 c:/nxp/mcuxpressoide_10.1.1_606/ide/tools/bin/../lib/gcc/arm-none-eabi/6.3.1/../../../../arm-none-eabi/lib/thumb/v6-m\libcr_c.a(_fdopen.o)
 .comment       0x0000007f       0x80 c:/nxp/mcuxpressoide_10.1.1_606/ide/tools/bin/../lib/gcc/arm-none-eabi/6.3.1/../../../../arm-none-eabi/lib/thumb/v6-m\libcr_c.a(errno.o)
 .comment       0x0000007f       0x80 c:/nxp/mcuxpressoide_10.1.1_606/ide/tools/bin/../lib/gcc/arm-none-eabi/6.3.1/../../../../arm-none-eabi/lib/thumb/v6-m\libcr_c.a(fclose.o)
 .comment       0x0000007f       0x80 c:/nxp/mcuxpressoide_10.1.1_606/ide/tools/bin/../lib/gcc/arm-none-eabi/6.3.1/../../../../arm-none-eabi/lib/thumb/v6-m\libcr_c.a(fflush.o)
 .comment       0x0000007f       0x80 c:/nxp/mcuxpressoide_10.1.1_606/ide/tools/bin/../lib/gcc/arm-none-eabi/6.3.1/../../../../arm-none-eabi/lib/thumb/v6-m\libcr_c.a(remove.o)
 .comment       0x0000007f       0x80 c:/nxp/mcuxpressoide_10.1.1_606/ide/tools/bin/../lib/gcc/arm-none-eabi/6.3.1/../../../../arm-none-eabi/lib/thumb/v6-m\libcr_c.a(_cr_check_heap.o)
 .comment       0x0000007f       0x80 c:/nxp/mcuxpressoide_10.1.1_606/ide/tools/bin/../lib/gcc/arm-none-eabi/6.3.1/../../../../arm-none-eabi/lib/thumb/v6-m\libcr_c.a(_do_fflush.o)
 .comment       0x0000007f       0x80 c:/nxp/mcuxpressoide_10.1.1_606/ide/tools/bin/../lib/gcc/arm-none-eabi/6.3.1/thumb/v6-m\libcr_eabihelpers.a(double.o)
 .comment       0x0000007f       0x80 c:/nxp/mcuxpressoide_10.1.1_606/ide/tools/bin/../lib/gcc/arm-none-eabi/6.3.1/thumb/v6-m\libcr_eabihelpers.a(float.o)

.ARM.attributes
                0x00000000       0x30
 .ARM.attributes
                0x00000000       0x32 ./utilities/fsl_debug_console.o
 .ARM.attributes
                0x00000032       0x32 ./startup/startup_mkl25z4.o
 .ARM.attributes
                0x00000064       0x32 ./source/Practica_2.o
 .ARM.attributes
                0x00000096       0x32 ./source/mtb.o
 .ARM.attributes
                0x000000c8       0x32 ./source/semihost_hardfault.o
 .ARM.attributes
                0x000000fa       0x32 ./drivers/fsl_adc16.o
 .ARM.attributes
                0x0000012c       0x32 ./drivers/fsl_clock.o
 .ARM.attributes
                0x0000015e       0x32 ./drivers/fsl_dac.o
 .ARM.attributes
                0x00000190       0x32 ./drivers/fsl_gpio.o
 .ARM.attributes
                0x000001c2       0x32 ./drivers/fsl_lpsci.o
 .ARM.attributes
                0x000001f4       0x32 ./drivers/fsl_uart.o
 .ARM.attributes
                0x00000226       0x32 ./board/board.o
 .ARM.attributes
                0x00000258       0x32 ./board/clock_config.o
 .ARM.attributes
                0x0000028a       0x32 ./board/peripherals.o
 .ARM.attributes
                0x000002bc       0x32 ./board/pin_mux.o
 .ARM.attributes
                0x000002ee       0x32 ./Headers/GPIO.o
 .ARM.attributes
                0x00000320       0x32 ./Headers/LED_INDICATOR.o
 .ARM.attributes
                0x00000352       0x32 ./CMSIS/system_MKL25Z4.o
 .ARM.attributes
                0x00000384       0x31 c:/nxp/mcuxpressoide_10.1.1_606/ide/tools/bin/../lib/gcc/arm-none-eabi/6.3.1/../../../../arm-none-eabi/lib/thumb/v6-m\libcr_semihost_nf.a(_cr__main.o)
 .ARM.attributes
                0x000003b5       0x31 c:/nxp/mcuxpressoide_10.1.1_606/ide/tools/bin/../lib/gcc/arm-none-eabi/6.3.1/../../../../arm-none-eabi/lib/thumb/v6-m\libcr_semihost_nf.a(_cr_assert.o)
 .ARM.attributes
                0x000003e6       0x31 c:/nxp/mcuxpressoide_10.1.1_606/ide/tools/bin/../lib/gcc/arm-none-eabi/6.3.1/../../../../arm-none-eabi/lib/thumb/v6-m\libcr_semihost_nf.a(__ciob.o)
 .ARM.attributes
                0x00000417       0x21 c:/nxp/mcuxpressoide_10.1.1_606/ide/tools/bin/../lib/gcc/arm-none-eabi/6.3.1/../../../../arm-none-eabi/lib/thumb/v6-m\libcr_semihost_nf.a(__sys_appexit.o)
 .ARM.attributes
                0x00000438       0x31 c:/nxp/mcuxpressoide_10.1.1_606/ide/tools/bin/../lib/gcc/arm-none-eabi/6.3.1/../../../../arm-none-eabi/lib/thumb/v6-m\libcr_c.a(memset.o)
 .ARM.attributes
                0x00000469       0x31 c:/nxp/mcuxpressoide_10.1.1_606/ide/tools/bin/../lib/gcc/arm-none-eabi/6.3.1/../../../../arm-none-eabi/lib/thumb/v6-m\libcr_c.a(_deferredlazyseek.o)
 .ARM.attributes
                0x0000049a       0x31 c:/nxp/mcuxpressoide_10.1.1_606/ide/tools/bin/../lib/gcc/arm-none-eabi/6.3.1/../../../../arm-none-eabi/lib/thumb/v6-m\libcr_c.a(_fflush.o)
 .ARM.attributes
                0x000004cb       0x31 c:/nxp/mcuxpressoide_10.1.1_606/ide/tools/bin/../lib/gcc/arm-none-eabi/6.3.1/../../../../arm-none-eabi/lib/thumb/v6-m\libcr_c.a(_writebuf.o)
 .ARM.attributes
                0x000004fc       0x31 c:/nxp/mcuxpressoide_10.1.1_606/ide/tools/bin/../lib/gcc/arm-none-eabi/6.3.1/../../../../arm-none-eabi/lib/thumb/v6-m\libcr_c.a(alloc.o)
 .ARM.attributes
                0x0000052d       0x31 c:/nxp/mcuxpressoide_10.1.1_606/ide/tools/bin/../lib/gcc/arm-none-eabi/6.3.1/../../../../arm-none-eabi/lib/thumb/v6-m\libcr_c.a(fputs.o)
 .ARM.attributes
                0x0000055e       0x31 c:/nxp/mcuxpressoide_10.1.1_606/ide/tools/bin/../lib/gcc/arm-none-eabi/6.3.1/../../../../arm-none-eabi/lib/thumb/v6-m\libcr_c.a(fseek.o)
 .ARM.attributes
                0x0000058f       0x31 c:/nxp/mcuxpressoide_10.1.1_606/ide/tools/bin/../lib/gcc/arm-none-eabi/6.3.1/../../../../arm-none-eabi/lib/thumb/v6-m\libcr_c.a(ftell.o)
 .ARM.attributes
                0x000005c0       0x31 c:/nxp/mcuxpressoide_10.1.1_606/ide/tools/bin/../lib/gcc/arm-none-eabi/6.3.1/../../../../arm-none-eabi/lib/thumb/v6-m\libcr_c.a(initio.o)
 .ARM.attributes
                0x000005f1       0x31 c:/nxp/mcuxpressoide_10.1.1_606/ide/tools/bin/../lib/gcc/arm-none-eabi/6.3.1/../../../../arm-none-eabi/lib/thumb/v6-m\libcr_c.a(printf.o)
 .ARM.attributes
                0x00000622       0x31 c:/nxp/mcuxpressoide_10.1.1_606/ide/tools/bin/../lib/gcc/arm-none-eabi/6.3.1/../../../../arm-none-eabi/lib/thumb/v6-m\libcr_c.a(setvbuf.o)
 .ARM.attributes
                0x00000653       0x31 c:/nxp/mcuxpressoide_10.1.1_606/ide/tools/bin/../lib/gcc/arm-none-eabi/6.3.1/../../../../arm-none-eabi/lib/thumb/v6-m\libcr_c.a(strlen.o)
 .ARM.attributes
                0x00000684       0x31 c:/nxp/mcuxpressoide_10.1.1_606/ide/tools/bin/../lib/gcc/arm-none-eabi/6.3.1/../../../../arm-none-eabi/lib/thumb/v6-m\libcr_c.a(__init_alloc.o)
 .ARM.attributes
                0x000006b5       0x31 c:/nxp/mcuxpressoide_10.1.1_606/ide/tools/bin/../lib/gcc/arm-none-eabi/6.3.1/../../../../arm-none-eabi/lib/thumb/v6-m\libcr_c.a(_cr_sbrk.o)
 .ARM.attributes
                0x000006e6       0x31 c:/nxp/mcuxpressoide_10.1.1_606/ide/tools/bin/../lib/gcc/arm-none-eabi/6.3.1/../../../../arm-none-eabi/lib/thumb/v6-m\libcr_c.a(_fdopen.o)
 .ARM.attributes
                0x00000717       0x31 c:/nxp/mcuxpressoide_10.1.1_606/ide/tools/bin/../lib/gcc/arm-none-eabi/6.3.1/../../../../arm-none-eabi/lib/thumb/v6-m\libcr_c.a(errno.o)
 .ARM.attributes
                0x00000748       0x31 c:/nxp/mcuxpressoide_10.1.1_606/ide/tools/bin/../lib/gcc/arm-none-eabi/6.3.1/../../../../arm-none-eabi/lib/thumb/v6-m\libcr_c.a(fclose.o)
 .ARM.attributes
                0x00000779       0x31 c:/nxp/mcuxpressoide_10.1.1_606/ide/tools/bin/../lib/gcc/arm-none-eabi/6.3.1/../../../../arm-none-eabi/lib/thumb/v6-m\libcr_c.a(fflush.o)
 .ARM.attributes
                0x000007aa       0x31 c:/nxp/mcuxpressoide_10.1.1_606/ide/tools/bin/../lib/gcc/arm-none-eabi/6.3.1/../../../../arm-none-eabi/lib/thumb/v6-m\libcr_c.a(remove.o)
 .ARM.attributes
                0x000007db       0x31 c:/nxp/mcuxpressoide_10.1.1_606/ide/tools/bin/../lib/gcc/arm-none-eabi/6.3.1/../../../../arm-none-eabi/lib/thumb/v6-m\libcr_c.a(_cr_check_heap.o)
 .ARM.attributes
                0x0000080c       0x31 c:/nxp/mcuxpressoide_10.1.1_606/ide/tools/bin/../lib/gcc/arm-none-eabi/6.3.1/../../../../arm-none-eabi/lib/thumb/v6-m\libcr_c.a(_do_fflush.o)
 .ARM.attributes
                0x0000083d       0x21 c:/nxp/mcuxpressoide_10.1.1_606/ide/tools/bin/../lib/gcc/arm-none-eabi/6.3.1/thumb/v6-m\libcr_eabihelpers.a(division_32.o)
 .ARM.attributes
                0x0000085e       0x21 c:/nxp/mcuxpressoide_10.1.1_606/ide/tools/bin/../lib/gcc/arm-none-eabi/6.3.1/thumb/v6-m\libcr_eabihelpers.a(division_idiv0.o)
 .ARM.attributes
                0x0000087f       0x31 c:/nxp/mcuxpressoide_10.1.1_606/ide/tools/bin/../lib/gcc/arm-none-eabi/6.3.1/thumb/v6-m\libcr_eabihelpers.a(double.o)
 .ARM.attributes
                0x000008b0       0x31 c:/nxp/mcuxpressoide_10.1.1_606/ide/tools/bin/../lib/gcc/arm-none-eabi/6.3.1/thumb/v6-m\libcr_eabihelpers.a(float.o)
 .ARM.attributes
                0x000008e1       0x21 c:/nxp/mcuxpressoide_10.1.1_606/ide/tools/bin/../lib/gcc/arm-none-eabi/6.3.1/thumb/v6-m\libcr_eabihelpers.a(llong.o)
 .ARM.attributes
                0x00000902       0x21 c:/nxp/mcuxpressoide_10.1.1_606/ide/tools/bin/../lib/gcc/arm-none-eabi/6.3.1/thumb/v6-m\libcr_eabihelpers.a(memcpy.o)
 .ARM.attributes
                0x00000923       0x21 c:/nxp/mcuxpressoide_10.1.1_606/ide/tools/bin/../lib/gcc/arm-none-eabi/6.3.1/../../../../arm-none-eabi/lib/thumb/v6-m\libcr_semihost_nf.a(__sys_close.o)
 .ARM.attributes
                0x00000944       0x21 c:/nxp/mcuxpressoide_10.1.1_606/ide/tools/bin/../lib/gcc/arm-none-eabi/6.3.1/../../../../arm-none-eabi/lib/thumb/v6-m\libcr_semihost_nf.a(__sys_flen.o)
 .ARM.attributes
                0x00000965       0x21 c:/nxp/mcuxpressoide_10.1.1_606/ide/tools/bin/../lib/gcc/arm-none-eabi/6.3.1/../../../../arm-none-eabi/lib/thumb/v6-m\libcr_semihost_nf.a(__sys_istty.o)
 .ARM.attributes
                0x00000986       0x21 c:/nxp/mcuxpressoide_10.1.1_606/ide/tools/bin/../lib/gcc/arm-none-eabi/6.3.1/../../../../arm-none-eabi/lib/thumb/v6-m\libcr_semihost_nf.a(__sys_remove.o)
 .ARM.attributes
                0x000009a7       0x21 c:/nxp/mcuxpressoide_10.1.1_606/ide/tools/bin/../lib/gcc/arm-none-eabi/6.3.1/../../../../arm-none-eabi/lib/thumb/v6-m\libcr_semihost_nf.a(__sys_seek.o)
 .ARM.attributes
                0x000009c8       0x21 c:/nxp/mcuxpressoide_10.1.1_606/ide/tools/bin/../lib/gcc/arm-none-eabi/6.3.1/../../../../arm-none-eabi/lib/thumb/v6-m\libcr_semihost_nf.a(__sys_tmpnam.o)
 .ARM.attributes
                0x000009e9       0x21 c:/nxp/mcuxpressoide_10.1.1_606/ide/tools/bin/../lib/gcc/arm-none-eabi/6.3.1/../../../../arm-none-eabi/lib/thumb/v6-m\libcr_semihost_nf.a(__sys_write.o)

.debug_frame    0x00000000     0x1e4c
 .debug_frame   0x00000000       0xcc ./utilities/fsl_debug_console.o
 .debug_frame   0x000000cc      0x3b0 ./startup/startup_mkl25z4.o
 .debug_frame   0x0000047c      0x220 ./source/Practica_2.o
 .debug_frame   0x0000069c       0x20 ./source/semihost_hardfault.o
 .debug_frame   0x000006bc      0x1d0 ./drivers/fsl_adc16.o
 .debug_frame   0x0000088c      0x6dc ./drivers/fsl_clock.o
 .debug_frame   0x00000f68      0x1f0 ./drivers/fsl_dac.o
 .debug_frame   0x00001158       0xb0 ./drivers/fsl_gpio.o
 .debug_frame   0x00001208      0x410 ./drivers/fsl_lpsci.o
 .debug_frame   0x00001618      0x464 ./drivers/fsl_uart.o
 .debug_frame   0x00001a7c       0x50 ./board/board.o
 .debug_frame   0x00001acc      0x100 ./board/clock_config.o
 .debug_frame   0x00001bcc       0x2c ./board/peripherals.o
 .debug_frame   0x00001bf8       0x88 ./board/pin_mux.o
 .debug_frame   0x00001c80       0x70 ./Headers/GPIO.o
 .debug_frame   0x00001cf0      0x110 ./Headers/LED_INDICATOR.o
 .debug_frame   0x00001e00       0x4c ./CMSIS/system_MKL25Z4.o
